<?xml version="1.0" encoding="UTF-8"?>
<testsuites name="bun test" tests="12" assertions="52" failures="0" skipped="1" time="0.117828992">
  <testsuite name="tests/cliCommands.test.ts" file="tests/cliCommands.test.ts" tests="12" assertions="52" failures="0" skipped="1" time="0" hostname="moodeng">
    <testsuite name="Test CLI commands" file="tests/cliCommands.test.ts" line="22" tests="12" assertions="52" failures="0" skipped="1" time="0.038" hostname="moodeng">
      <testcase name="TODO IM AN IDIOT IF I DONT IMPLEMENT THIS" classname="Test CLI commands" time="0" file="tests/cliCommands.test.ts" line="23" assertions="0" />
      <testcase name="List Workspaces: list-workspaces" classname="Test CLI commands" time="0.015" file="tests/cliCommands.test.ts" line="29" assertions="7" />
      <testcase name="List Workspaces: ls" classname="Test CLI commands" time="0.005" file="tests/cliCommands.test.ts" line="29" assertions="7" />
      <testcase name="List Workspaces: list" classname="Test CLI commands" time="0.004" file="tests/cliCommands.test.ts" line="29" assertions="7" />
      <testcase name="List Scripts: list-scripts" classname="Test CLI commands" time="0.003" file="tests/cliCommands.test.ts" line="135" assertions="6" />
      <testcase name="List Scripts: ls-scripts" classname="Test CLI commands" time="0.003" file="tests/cliCommands.test.ts" line="135" assertions="6" />
      <testcase name="Workspace Info: workspace-info" classname="Test CLI commands" time="0.003" file="tests/cliCommands.test.ts" line="236" assertions="5" />
      <testcase name="Workspace Info: info" classname="Test CLI commands" time="0.001" file="tests/cliCommands.test.ts" line="236" assertions="5" />
      <testcase name="Script Info: script-info" classname="Test CLI commands" time="0.004" file="tests/cliCommands.test.ts" line="302" assertions="9" />
      <testcase name="Run Script: run-script" classname="Test CLI commands" time="0" file="tests/cliCommands.test.ts" line="424" assertions="0" />
      <testcase name="Run Script: run" classname="Test CLI commands" time="0" file="tests/cliCommands.test.ts" line="424" assertions="0" />
      <testcase name="Confirm all commands are tested" classname="Test CLI commands" time="0" file="tests/cliCommands.test.ts" line="430" assertions="0">
        <skipped />
      </testcase>
    </testsuite>
  </testsuite>
</testsuites>
